// Jest Snapshot v1, https://goo.gl/fbAQLP

exports[`AuthPage snapshot 1`] = `ShallowWrapper {}`;
