// Jest Snapshot v1, https://goo.gl/fbAQLP

exports[`testing pages AccountComponent snapshot 1`] = `ShallowWrapper {}`;

exports[`testing pages Auth snapshot 1`] = `ShallowWrapper {}`;

exports[`testing pages ListComponent snapshot 1`] = `ShallowWrapper {}`;
