// Jest Snapshot v1, https://goo.gl/fbAQLP

exports[`AccountPage snapshot 1`] = `ShallowWrapper {}`;
